ERC report (2026-09-08T19:24:40, Encoding UTF8)
Report includes: Errors, Warnings

***** Sheet /
[power_pin_not_driven]: Input Power pin not driven by any Output Power pins
    ; error
    @(111.76 mm, 53.34 mm): Symbol U1 Pin 14 [5V, Power input, Line]
[power_pin_not_driven]: Input Power pin not driven by any Output Power pins
    ; error
    @(111.76 mm, 58.42 mm): Symbol U1 Pin 13 [GND, Power input, Line]
[lib_symbol_issues]: The current configuration does not include the symbol library 'Gizmo'
    ; warning
    @(58.42 mm, 147.32 mm): Symbol J6 [J6_symbol]
[lib_symbol_issues]: The current configuration does not include the symbol library 'Gizmo'
    ; warning
    @(58.42 mm, 190.50 mm): Symbol J7 [J7_symbol]
[lib_symbol_issues]: The current configuration does not include the symbol library 'Gizmo'
    ; warning
    @(58.42 mm, 246.38 mm): Symbol TP1 [TP1_symbol]
[lib_symbol_issues]: The current configuration does not include the symbol library 'Gizmo'
    ; warning
    @(58.42 mm, 269.24 mm): Symbol TP2 [TP2_symbol]
[lib_symbol_issues]: The current configuration does not include the symbol library 'Gizmo'
    ; warning
    @(91.44 mm, 68.58 mm): Symbol U1 [U1_symbol]
[lib_symbol_issues]: The current configuration does not include the symbol library 'Gizmo'
    ; warning
    @(167.64 mm, 190.50 mm): Symbol J8 [J8_symbol]
[lib_symbol_issues]: The current configuration does not include the symbol library 'Gizmo'
    ; warning
    @(167.64 mm, 220.98 mm): Symbol J9 [J9_symbol]
[lib_symbol_issues]: The current configuration does not include the symbol library 'Gizmo'
    ; warning
    @(167.64 mm, 254.00 mm): Symbol J10 [J10_symbol]
[lib_symbol_issues]: The current configuration does not include the symbol library 'Gizmo'
    ; warning
    @(180.34 mm, 43.18 mm): Symbol R1 [R1_symbol]
[lib_symbol_issues]: The current configuration does not include the symbol library 'Gizmo'
    ; warning
    @(180.34 mm, 63.50 mm): Symbol R2 [R2_symbol]
[lib_symbol_issues]: The current configuration does not include the symbol library 'Gizmo'
    ; warning
    @(180.34 mm, 83.82 mm): Symbol R3 [R3_symbol]
[lib_symbol_issues]: The current configuration does not include the symbol library 'Gizmo'
    ; warning
    @(180.34 mm, 104.14 mm): Symbol C1 [C1_symbol]
[lib_symbol_issues]: The current configuration does not include the symbol library 'Gizmo'
    ; warning
    @(180.34 mm, 137.16 mm): Symbol R4 [R4_symbol]
[lib_symbol_issues]: The current configuration does not include the symbol library 'Gizmo'
    ; warning
    @(180.34 mm, 157.48 mm): Symbol R5 [R5_symbol]
[lib_symbol_issues]: The current configuration does not include the symbol library 'Gizmo'
    ; warning
    @(269.24 mm, 40.64 mm): Symbol J1 [J1_symbol]
[lib_symbol_issues]: The current configuration does not include the symbol library 'Gizmo'
    ; warning
    @(269.24 mm, 109.22 mm): Symbol J2 [J2_symbol]
[lib_symbol_issues]: The current configuration does not include the symbol library 'Gizmo'
    ; warning
    @(269.24 mm, 149.86 mm): Symbol J3 [J3_symbol]
[lib_symbol_issues]: The current configuration does not include the symbol library 'Gizmo'
    ; warning
    @(269.24 mm, 198.12 mm): Symbol J4 [J4_symbol]
[lib_symbol_issues]: The current configuration does not include the symbol library 'Gizmo'
    ; warning
    @(269.24 mm, 233.68 mm): Symbol J5 [J5_symbol]

 ** ERC messages: 21  Errors 2  Warnings 19

 ** Ignored checks:
    - Global label only appears once in the schematic
    - Four connection points are joined together
    - SPICE model issue
    - Assigned footprint doesn't match footprint filters
